# This is a sample menu.lst file. You should make some changes to it.
# The old install method of booting via the stage-files has been removed.
# Please install GRLDR boot strap code to MBR with the bootlace.com
# utility under DOS/Win9x or Linux.

root (hd1,0)
debug off
default=0
timeout=2
hiddenmenu


#0
title Boot Windows Vista
        root (hd1,0)
        chainloader /bootmgr
        makeactive
        fallback 1

#1
title Boot Windows XP/NT
        rootnoverify (hd1,0)
        chainloader /ntldr
        makeactive
        failback 2

#2
title Boot Win98/DOS
#        find --set-root /io.sys
        rootnoverify (hd1,0)
        chainloader /io.sys
        makeactive
        failback 3

#3
title Boot First Sector
        rootnoverify (hd1,0)
        chainloader +1
        makeactive
        map (hd1) (hd0)
        map (hd0) (hd1)

title --------------------------------------------------------------------  
        clear
#4
title Return to main menu
        find --set-root /menu.lst
        configfile /menu.lst


title Reboot
reboot

title Power Down
halt

