#debug off

find --set-root /boot/usys.id
#fontfile /boot/fonts/hzk16f
#splashimage /boot/splash/mars.xpm.gz
#color white/black
#blue/light-gray
#foreground 000000
#background abcdef
#configfile /boot/menus/main.lst

debug off
color green/black white/blue white/black black/black

title Boot Debian GNU/Linux ULSYS
	find --set-root /boot/debian/vmlinuz-686-bigmem
    kernel /boot/debian/vmlinuz-686-bigmem root=LABEL=ULSYS video=uvesafb:mode_option=1024x768-16@60 splash quiet
    initrd /boot/debian/initrd.img-686-bigmem

title Windows XP/2K/NT Chainlader
    find --set-root /ntldr
    makeactive
    chainloader /ntldr

title Windows Vista Chanloader
    find --set-root /bootmgr
    makeactive
    chainloader +1
	
title -------------------------------------------------------------------- 
        clear

title Boot XRDOS
    #find --set-root /boot/images/xrdos.img
    map --mem /boot/images/xrdos.img (fd0)
    map --floppies=1
    map --hook
    chainloader (fd0)+1
    rootnoverify (fd0)

title Boot ARDOS
	#find --set-root /boot/images/ardos.img
    map --mem /boot/images/ardos.img (fd0)
    map --floppies=1
    map --hook
    chainloader (fd0)+1
    rootnoverify (fd0)

title Boot Hiren's BootCD
	configfile /HBCD/menu.lst
	
title Boot DynPE
	#find --set-root /pe/system/dynpe.ldr
	chainloader /pe/system/dynpe.ldr

title Boot LmtPE
    chainloader /pe/system/lmtpe.ldr
	
title Boot GNU/Linux Damn Small 
	#find --set-root /boot/dsl/menu.lst
	configfile /boot/dsl/menu.lst
		
title Boot Debian Installer
    configfile /boot/debian/installer/submenu.lst
    	
title -------------------------------------------------------------------- 
        clear
        
title Boot hard disk 1
        chainloader (hd1,0)+1
        map (hd0) (hd1)
        map (hd1) (hd0)

title Boot hard disk 2
        chainloader (hd2,0)+1
        map (hd0) (hd2)
        map (hd2) (hd0)
        
			
title -------------------------------------------------------------------- 
        clear
		
title ...Back
		find --set-root /boot/usys.id
		configfile /menu.lst
		
title REBOOT 
        reboot

title SHUTDOWN
        halt
		
